// Jest Snapshot v1, https://goo.gl/fbAQLP

exports[`renders correctly h1 tag with text 1`] = `
<h1>
  Header
</h1>
`;
