// Jest Snapshot v1, https://goo.gl/fbAQLP

exports[`renders input group correctly 1`] = `
<div
  className="Form-input-group"
>
  <input />
</div>
`;
