// Jest Snapshot v1, https://goo.gl/fbAQLP

exports[`renders label correctly 1`] = `
<label
  htmlFor="field"
>
  Some label
</label>
`;
