// Jest Snapshot v1, https://goo.gl/fbAQLP

exports[`renders button correctly 1`] = `
<button
  className="Form-btn"
  htmlFor="field"
>
  Some label
</button>
`;
