// Jest Snapshot v1, https://goo.gl/fbAQLP

exports[`renders units input correctly 1`] = `
<span
  className="Form-units-input"
>
  <input
    id="test"
    onChange={[Function]}
    type="text"
  />
   
  mmHg
</span>
`;
